2026-08-20 12:26:06,170 | INFO | SESSION | User data are: Leanne Graham | Sincere@april.biz| Gwenborough
2026-08-20 12:26:06,170 | INFO | SESSION | User data are: Ervin Howell | Shanna@melissa.tv| Wisokyburgh
2026-08-20 12:26:06,170 | INFO | SESSION | User data are: Clementine Bauch | Nathan@yesenia.net| McKenziehaven
2026-08-20 12:26:06,170 | INFO | SESSION | User data are: Patricia Lebsack | Julianne.OConner@kory.org| South Elvis
2026-08-20 12:26:06,170 | INFO | SESSION | User data are: Chelsey Dietrich | Lucio_Hettinger@annie.ca| Roscoeview
2026-08-20 12:26:06,170 | INFO | SESSION | User data are: Mrs. Dennis Schulist | Karley_Dach@jasper.info| South Christy
2026-08-20 12:26:06,170 | INFO | SESSION | User data are: Kurtis Weissnat | Telly.Hoeger@billy.biz| Howemouth
2026-08-20 12:26:06,171 | INFO | SESSION | User data are: Nicholas Runolfsdottir V | Sherwood@rosamond.me| Aliyaview
2026-08-20 12:26:06,171 | INFO | SESSION | User data are: Glenna Reichert | Chaim_McDermott@dana.io| Bartholomebury
2026-08-20 12:26:06,171 | INFO | SESSION | User data are: Clementina DuBuque | Rey.Padberg@karina.biz| Lebsackbury
2026-08-20 12:26:10,988 | INFO | SESSION | response status of api:200
2026-08-20 12:26:10,989 | INFO | SESSION | successful response:Ervin Howell | Shanna@melissa.tv| Wisokyburgh | Deckow-Crist
2026-08-20 12:26:10,989 | INFO | SESSION | File saved to customer2.json
2026-08-20 12:28:21,619 | INFO | SESSION | User data are: Leanne Graham | Sincere@april.biz| Gwenborough
2026-08-20 12:28:21,619 | INFO | SESSION | User data are: Ervin Howell | Shanna@melissa.tv| Wisokyburgh
2026-08-20 12:28:21,619 | INFO | SESSION | User data are: Clementine Bauch | Nathan@yesenia.net| McKenziehaven
2026-08-20 12:28:21,620 | INFO | SESSION | User data are: Patricia Lebsack | Julianne.OConner@kory.org| South Elvis
2026-08-20 12:28:21,620 | INFO | SESSION | User data are: Chelsey Dietrich | Lucio_Hettinger@annie.ca| Roscoeview
2026-08-20 12:28:21,620 | INFO | SESSION | User data are: Mrs. Dennis Schulist | Karley_Dach@jasper.info| South Christy
2026-08-20 12:28:21,620 | INFO | SESSION | User data are: Kurtis Weissnat | Telly.Hoeger@billy.biz| Howemouth
2026-08-20 12:28:21,620 | INFO | SESSION | User data are: Nicholas Runolfsdottir V | Sherwood@rosamond.me| Aliyaview
2026-08-20 12:28:21,620 | INFO | SESSION | User data are: Glenna Reichert | Chaim_McDermott@dana.io| Bartholomebury
2026-08-20 12:28:21,620 | INFO | SESSION | User data are: Clementina DuBuque | Rey.Padberg@karina.biz| Lebsackbury
2026-08-20 12:28:23,124 | INFO | SESSION | response status of api:200
2026-08-20 12:28:23,124 | INFO | SESSION | successful response:Ervin Howell | Shanna@melissa.tv| Wisokyburgh | Deckow-Crist
2026-08-20 12:28:23,125 | INFO | SESSION | File saved to customer2.json
