ERROR :Template not found: system
INFO :Loading template: system
INFO :Loading template: answer_question
INFO :Document formateed
INFO :Token estimated
INFO :Token estimated
INFO :Loading template: system
INFO :Loading template: answer_question
INFO :Document formateed
INFO :Token estimated
INFO :Token estimated
INFO :Question answered successfully
INFO :Loading template: system
INFO :Loading template: answer_question
INFO :Document formateed
INFO :Token estimated
INFO :Token estimated
INFO :Question answered successfully
INFO :Loading template: system
INFO :Loading template: answer_question
INFO :Document formateed
INFO :Token estimated
INFO :Token estimated
INFO :Loading template: system
INFO :Loading template: answer_question
INFO :Document formateed
INFO :Token estimated
INFO :Token estimated
INFO :Question answered successfully
INFO :Loading template: system
INFO :Loading template: answer_question
INFO :Document formateed
INFO :Token estimated
INFO :Token estimated
INFO :Question answered successfully
INFO :Loading template: system
INFO :Loading template: answer_question
INFO :Document formateed
INFO :Token estimated
INFO :Token estimated
INFO :Loading template: system
INFO :Loading template: answer_question
INFO :Document formateed
INFO :Token estimated
INFO :Token estimated
INFO :Question answered successfully
INFO :Loading template: system
INFO :Loading template: answer_question
INFO :Document formateed
INFO :Token estimated
INFO :Token estimated
INFO :Question answered successfully
INFO :Loading template: system
INFO :Loading template: answer_question
INFO :Document formateed
INFO :Token estimated
INFO :Token estimated
INFO :Loading template: system
INFO :Loading template: answer_question
INFO :Document formateed
INFO :Token estimated
INFO :Token estimated
INFO :Question answered successfully
INFO :Loading template: system
INFO :Loading template: answer_question
INFO :Document formateed
INFO :Token estimated
INFO :Token estimated
INFO :Question answered successfully
